******************************************************************************
             TMS320C2000 Linker PC v20.2.1                     
******************************************************************************
>> Linked Mon Nov  2 17:14:30 2020

OUTPUT FILE NAME:   <bts_F2800x_4ch_v2.out>
ENTRY POINT SYMBOL: "_c_int00"  address: 000820a4


MEMORY CONFIGURATION

         name            origin    length      used     unused   attr    fill
----------------------  --------  ---------  --------  --------  ----  --------
PAGE 0:
  RAMM0                 000000f5   0000030b  00000000  0000030b  RWIX
  RAMLS2LS3LS4LS5       00009000   00002000  0000091b  000016e5  RWIX
  RAMLS6                0000b000   00000800  00000000  00000800  RWIX
  RAMGS0GS1             0000c000   00002000  0000011c  00001ee4  RWIX
  BEGIN                 00080000   00000002  00000000  00000002  RWIX
  FLASH_BANK0_SEC0      00080002   00000ffe  00000038  00000fc6  RWIX
  FLASH_BANK0_SEC1      00081000   00001000  00001000  00000000  RWIX
  FLASH_BANK0_SEC2      00082000   00001000  000000f6  00000f0a  RWIX
  FLASH_BANK0_SEC3      00083000   00001000  00000000  00001000  RWIX
  FLASH_BANK0_SEC4      00084000   00001000  00000000  00001000  RWIX
  FLASH_BANK0_SEC5      00085000   00001000  00000000  00001000  RWIX
  FLASH_BANK0_SEC6      00086000   00001000  0000011c  00000ee4  RWIX
  FLASH_BANK0_SEC7      00087000   00001000  00000000  00001000  RWIX
  FLASH_BANK0_SEC8      00088000   00001000  00000000  00001000  RWIX
  FLASH_BANK0_SEC9      00089000   00001000  00000000  00001000  RWIX
  FLASH_BANK0_SEC10     0008a000   00001000  00000000  00001000  RWIX
  FLASH_BANK0_SEC11     0008b000   00001000  00000000  00001000  RWIX
  FLASH_BANK0_SEC12     0008c000   00001000  00000000  00001000  RWIX
  FLASH_BANK0_SEC13     0008d000   00001000  00000000  00001000  RWIX
  FLASH_BANK0_SEC14     0008e000   00001000  00000000  00001000  RWIX
  FLASH_BANK0_SEC15     0008f000   00001000  00000000  00001000  RWIX
  FLASH_BANK1_SEC0      00090000   00001000  00000000  00001000  RWIX
  FLASH_BANK1_SEC1      00091000   00001000  00000000  00001000  RWIX
  FLASH_BANK1_SEC2      00092000   00001000  00000000  00001000  RWIX
  FLASH_BANK1_SEC3      00093000   00001000  00000000  00001000  RWIX
  FLASH_BANK1_SEC4      00094000   00001000  00000000  00001000  RWIX
  FLASH_BANK1_SEC5      00095000   00001000  00000000  00001000  RWIX
  FLASH_BANK1_SEC6      00096000   00001000  00000000  00001000  RWIX
  FLASH_BANK1_SEC7      00097000   00001000  00000000  00001000  RWIX
  FLASH_BANK1_SEC8_9_10 00098000   00003000  0000091b  000026e5  RWIX
  FLASH_BANK1_SEC11     0009b000   00001000  00000000  00001000  RWIX
  FLASH_BANK1_SEC12     0009c000   00001000  00000000  00001000  RWIX
  FLASH_BANK1_SEC13     0009d000   00001000  00000000  00001000  RWIX
  FLASH_BANK1_SEC14     0009e000   00001000  00000000  00001000  RWIX
  FLASH_BANK1_SEC15     0009f000   00001000  00000000  00001000  RWIX
  RESET                 003fffc0   00000002  00000000  00000002  RWIX

PAGE 1:
  BOOT_RSVD             00000002   000000f3  00000000  000000f3  RWIX
  RAMM1                 00000400   00000400  00000400  00000000  RWIX
  RAMLS0LS1             00008000   00001000  00000000  00001000  RWIX
  RAMLS7                0000b800   00000800  00000000  00000800  RWIX
  RAMGS2                00010000   00002000  00000000  00002000  RWIX
  RAMGS3                00012000   00002000  0000049c  00001b64  RWIX


SECTION ALLOCATION MAP

 output                                  attributes/
section   page    origin      length       input sections
--------  ----  ----------  ----------   ----------------
.cinit     0    00080004    00000038     
                  00080004    00000024     (.cinit..data.load) [load image, compression = lzss]
                  00080028    00000006     (__TI_handler_table)
                  0008002e    00000004     (.cinit..bss.load) [load image, compression = zero_init]
                  00080032    00000002     --HOLE-- [fill = 0]
                  00080034    00000008     (__TI_cinit_table)

.init_array 
*          0    00080004    00000000     UNINITIALIZED

.reset     0    003fffc0    00000000     DSECT

Cla1Prog   0    00009000    00000000     UNINITIALIZED

.stack     1    00000400    00000400     UNINITIALIZED
                  00000400    00000400     --HOLE--

.bss       1    00012000    00000389     UNINITIALIZED
                  00012000    00000352     bts.obj (.bss)
                  00012352    00000014     bts_hal.obj (.bss)
                  00012366    00000009     SFO_v8_fpu_lib_build_c28_driverlib_eabi.lib : SFO_v8_fpu_lib_build_c28_driverlib.obj (.bss:MEP_SF)
                  0001236f    00000001     --HOLE--
                  00012370    00000008     bts_main.obj (.bss)
                  00012378    00000005     SFO_v8_fpu_lib_build_c28_driverlib_eabi.lib : SFO_v8_fpu_lib_build_c28_driverlib.obj (.bss)
                  0001237d    00000004     bts_main.obj (.bss:vTimer0)
                  00012381    00000004     bts_main.obj (.bss:vTimer1)
                  00012385    00000004     bts_main.obj (.bss:vTimer2)

.data      1    000123c0    00000113     UNINITIALIZED
                  000123c0    000000f6     bts.obj (.data)
                  000124b6    00000012     bts_hal.obj (.data:ePWM)
                  000124c8    00000006     rts2800_fpu32_eabi.lib : exit.c.obj (.data)
                  000124ce    00000002                            : _lock.c.obj (.data:_lock)
                  000124d0    00000002                            : _lock.c.obj (.data:_unlock)
                  000124d2    00000001     SFO_v8_fpu_lib_build_c28_driverlib_eabi.lib : SFO_v8_fpu_lib_build_c28_driverlib.obj (.data)

.TI.ramfunc 
*          0    00086000    00000043     RUN ADDR = 0000c000
                  00086000    0000003f     driverlib_eabi.lib : flash.obj (.TI.ramfunc:Flash_initModule)
                  0008603f    00000004                        : sysctl.obj (.TI.ramfunc)

ramfuncs   0    00086044    000000d8     RUN ADDR = 0000c044
                  00086044    000000d8     bts.obj (ramfuncs)

.const_cla 
*          0    00009000    00000000     UNINITIALIZED

isrcodefuncs 
*          0    00098000    0000091b     RUN ADDR = 00009000
                  00098000    0000091b     bts_main.obj (isrcodefuncs:retain)

dclfuncs   0    0009891b    00000000     UNINITIALIZEDRUN ADDR = 0000991b

.text.1    0    00081000    00001000     
                  00081000    00000427     bts_hal.obj (.text)
                  00081427    000003eb     bts.obj (.text)
                  00081812    000001f1     SFO_v8_fpu_lib_build_c28_driverlib_eabi.lib : SFO_v8_fpu_lib_build_c28_driverlib.obj (.text:SFO)
                  00081a03    0000010f     device.obj (.text)
                  00081b12    0000010c     bts_main.obj (.text)
                  00081c1e    0000009b     driverlib_eabi.lib : sysctl.obj (.text:SysCtl_isPLLValid)
                  00081cb9    00000098                        : sysctl.obj (.text:SysCtl_setClock)
                  00081d51    00000046                        : sysctl.obj (.text:SysCtl_getClock)
                  00081d97    00000041                        : interrupt.obj (.text:Interrupt_initModule)
                  00081dd8    0000003f                        : gpio.obj (.text:GPIO_setPadConfig)
                  00081e17    00000034                        : interrupt.obj (.text:Interrupt_enable)
                  00081e4b    00000031     rts2800_fpu32_eabi.lib : copy_decompress_lzss.c.obj (.text:decompress:lzss)
                  00081e7c    00000030     driverlib_eabi.lib : gpio.obj (.text:GPIO_setPinConfig)
                  00081eac    0000002d                        : sysctl.obj (.text:SysCtl_selectOscSource)
                  00081ed9    0000002b     rts2800_fpu32_eabi.lib : autoinit.c.obj (.text:__TI_auto_init_nobinit_nopinit)
                  00081f04    00000029                            : exit.c.obj (.text)
                  00081f2d    00000028     driverlib_eabi.lib : sysctl.obj (.text:SysCtl_selectXTAL)
                  00081f55    00000022                        : gpio.obj (.text:GPIO_setQualificationMode)
                  00081f77    00000021                        : gpio.obj (.text:GPIO_setAnalogMode)
                  00081f98    00000020                        : gpio.obj (.text:GPIO_setDirectionMode)
                  00081fb8    00000020                        : gpio.obj (.text:GPIO_setInterruptPin)
                  00081fd8    0000001f                        : spi.obj (.text:SPI_setConfig)
                  00081ff7    00000009                        : epwm.obj (.text:EPWM_setEmulationMode)

.text.2    0    00082000    000000f6     
                  00082000    0000001e     driverlib_eabi.lib : spi.obj (.text:SPI_clearInterruptStatus)
                  0008201e    0000001e                        : sysctl.obj (.text:SysCtl_pollX1Counter)
                  0008203c    0000001d     rts2800_fpu32_eabi.lib : memcpy.c.obj (.text)
                  00082059    0000001c     driverlib_eabi.lib : sysctl.obj (.text:SysCtl_selectXTALSingleEnded)
                  00082075    00000018                        : spi.obj (.text:SPI_enableInterrupt)
                  0008208d    00000017                        : interrupt.obj (.text:Interrupt_initVectorTable)
                  000820a4    00000017     rts2800_fpu32_eabi.lib : boot28.asm.obj (.text)
                  000820bb    0000000d                            : copy_zero_init.c.obj (.text:decompress:ZI:__TI_zero_init_nomemset)
                  000820c8    0000000c                            : args_main.c.obj (.text)
                  000820d4    00000009                            : _lock.c.obj (.text)
                  000820dd    00000008                            : copy_decompress_none.c.obj (.text:decompress:none)
                  000820e5    00000006     driverlib_eabi.lib : cputimer.obj (.text:CPUTimer_setEmulationMode)
                  000820eb    00000004                        : interrupt.obj (.text:Interrupt_defaultHandler)
                  000820ef    00000002                        : interrupt.obj (.text:Interrupt_illegalOperationHandler)
                  000820f1    00000002                        : interrupt.obj (.text:Interrupt_nmiHandler)
                  000820f3    00000002     rts2800_fpu32_eabi.lib : pre_init.c.obj (.text)
                  000820f5    00000001                            : startup.c.obj (.text)

MODULE SUMMARY

       Module                                   code   ro data   rw data
       ------                                   ----   -------   -------
    .\
       bts_main.obj                             4930   0         20     
       bts.obj                                  1435   0         1096   
       bts_hal.obj                              1063   0         38     
    +--+----------------------------------------+------+---------+---------+
       Total:                                   7428   0         1154   
                                                                        
    .\device\
       device.obj                               271    0         0      
    +--+----------------------------------------+------+---------+---------+
       Total:                                   271    0         0      
                                                                        
    ../device/driverlib/driverlib_eabi.lib
       sysctl.obj                               528    0         0      
       gpio.obj                                 242    0         0      
       interrupt.obj                            148    0         0      
       flash.obj                                126    0         0      
       spi.obj                                  85     0         0      
       epwm.obj                                 9      0         0      
       cputimer.obj                             6      0         0      
    +--+----------------------------------------+------+---------+---------+
       Total:                                   1144   0         0      
                                                                        
    ../libraries/SFO/SFO_v8_fpu_lib_build_c28_driverlib_eabi.lib
       SFO_v8_fpu_lib_build_c28_driverlib.obj   497    0         15     
    +--+----------------------------------------+------+---------+---------+
       Total:                                   497    0         15     
                                                                        
    C:/ti/ccs1010/ccs/tools/compiler/ti-cgt-c2000_20.2.1.LTS/lib/rts2800_fpu32_eabi.lib
       copy_decompress_lzss.c.obj               49     0         0      
       exit.c.obj                               41     0         6      
       autoinit.c.obj                           43     0         0      
       memcpy.c.obj                             29     0         0      
       boot28.asm.obj                           23     0         0      
       _lock.c.obj                              9      0         4      
       copy_zero_init.c.obj                     13     0         0      
       args_main.c.obj                          12     0         0      
       copy_decompress_none.c.obj               8      0         0      
       pre_init.c.obj                           2      0         0      
       startup.c.obj                            1      0         0      
    +--+----------------------------------------+------+---------+---------+
       Total:                                   230    0         10     
                                                                        
       Stack:                                   0      0         1024   
       Linker Generated:                        0      54        0      
    +--+----------------------------------------+------+---------+---------+
       Grand Total:                             9570   54        2203   


LINKER GENERATED COPY TABLES

__TI_cinit_table @ 00080034 records: 2, size/record: 4, table size: 8
	.data: load addr=00080004, load size=00000024 bytes, run addr=000123c0, run size=00000113 bytes, compression=lzss
	.bss: load addr=0008002e, load size=00000004 bytes, run addr=00012000, run size=00000389 bytes, compression=zero_init


LINKER GENERATED HANDLER TABLE

__TI_handler_table @ 00080028 records: 3, size/record: 2, table size: 6
	index: 0, handler: __TI_decompress_lzss
	index: 1, handler: __TI_decompress_none
	index: 2, handler: __TI_zero_init


GLOBAL DATA SYMBOLS: SORTED BY DATA PAGE

address     data page           name
--------    ----------------    ----
00000400      10 (00000400)     __stack

00012000     480 (00012000)     BUCK_sfoStatus
00012001     480 (00012000)     BTS_sfoStatus
00012002     480 (00012000)     MEP_ScaleFactor
00012004     480 (00012000)     BTS_userInput_ch1
00012022     480 (00012000)     BTS_userInput_ch2

00012040     481 (00012040)     BTS_userInput_ch3
0001205e     481 (00012040)     BTS_userInput_ch4

00012080     482 (00012080)     BTS_ctrlLoopVariable_ch1

000120c0     483 (000120c0)     BTS_ctrlLoopVariable_ch2

00012100     484 (00012100)     BTS_ctrlLoopVariable_ch3

00012140     485 (00012140)     BTS_ctrlLoopVariable_ch4

00012180     486 (00012180)     BTS_measValues_ch1

00012200     488 (00012200)     BTS_measValues_ch2

00012280     48a (00012280)     BTS_measValues_ch3

00012300     48c (00012300)     BTS_measValues_ch4

00012352     48d (00012340)     BTS_ExAdcRxflag
00012354     48d (00012340)     BTS_ADC1
00012366     48d (00012340)     MEP_SF
00012370     48d (00012340)     Alpha_State_Ptr
00012372     48d (00012340)     A_Task_Ptr
00012374     48d (00012340)     B_Task_Ptr
00012376     48d (00012340)     C_Task_Ptr
00012378     48d (00012340)     SFO_CAL
0001237d     48d (00012340)     vTimer0

00012381     48e (00012380)     vTimer1
00012385     48e (00012380)     vTimer2

000123c0     48f (000123c0)     BTS_ctrl_cc_ch1
000123d2     48f (000123c0)     BTS_ctrl_cc_ch2
000123e4     48f (000123c0)     BTS_ctrl_cc_ch3

00012400     490 (00012400)     BTS_ctrl_cc_ch4
00012412     490 (00012400)     BTS_ctrl_cv_ch1
00012424     490 (00012400)     BTS_ctrl_cv_ch2

00012440     491 (00012440)     BTS_ctrl_cv_ch3
00012452     491 (00012440)     BTS_ctrl_cv_ch4
00012464     491 (00012440)     BTS_ctrl_ch1

00012480     492 (00012480)     BTS_ctrl_ch2
00012492     492 (00012480)     BTS_ctrl_ch3
000124a4     492 (00012480)     BTS_ctrl_ch4
000124b6     492 (00012480)     ePWM

000124c8     493 (000124c0)     __TI_enable_exit_profile_output
000124ca     493 (000124c0)     __TI_cleanup_ptr
000124cc     493 (000124c0)     __TI_dtors_ptr
000124ce     493 (000124c0)     _lock
000124d0     493 (000124c0)     _unlock


GLOBAL SYMBOLS: SORTED ALPHABETICALLY BY Name 

page  address   name                           
----  -------   ----                           
0     00081b75  A0                             
0     00081b57  A1                             
0     00081b35  A2                             
0     00081b2a  A3                             
1     00012372  A_Task_Ptr                     
1     00012370  Alpha_State_Ptr                
0     00081b8d  B0                             
0     00081b51  B1                             
0     00081b24  B2                             
0     00081b1e  B3                             
1     00012354  BTS_ADC1                       
1     00012352  BTS_ExAdcRxflag                
0     000813d5  BTS_HAL_SetupSpi               
0     000813a1  BTS_HAL_SetupSpiPinsGpio       
0     00081398  BTS_HAL_disableEpwmCounting    
0     00081390  BTS_HAL_enableEpwmCounting     
0     0008131b  BTS_HAL_setupDevice            
0     000811e1  BTS_HAL_setupExAdc             
0     000811ac  BTS_HAL_setupExAdcGpio         
0     00081193  BTS_HAL_setupInterrupt         
0     00081167  BTS_HAL_setupInterruptTrigger  
0     0008113e  BTS_HAL_setupSyncBuckPinsEpwm  
0     000810d5  BTS_HAL_setupSyncBuckPinsGpio  
0     00081020  BTS_HAL_setupSyncBuckPwm       
1     00012080  BTS_ctrlLoopVariable_ch1       
1     000120c0  BTS_ctrlLoopVariable_ch2       
1     00012100  BTS_ctrlLoopVariable_ch3       
1     00012140  BTS_ctrlLoopVariable_ch4       
1     000123c0  BTS_ctrl_cc_ch1                
1     000123d2  BTS_ctrl_cc_ch2                
1     000123e4  BTS_ctrl_cc_ch3                
1     00012400  BTS_ctrl_cc_ch4                
1     00012464  BTS_ctrl_ch1                   
1     00012480  BTS_ctrl_ch2                   
1     00012492  BTS_ctrl_ch3                   
1     000124a4  BTS_ctrl_ch4                   
1     00012412  BTS_ctrl_cv_ch1                
1     00012424  BTS_ctrl_cv_ch2                
1     00012440  BTS_ctrl_cv_ch3                
1     00012452  BTS_ctrl_cv_ch4                
0     0008170d  BTS_initController             
0     00081632  BTS_initProgramVariables       
0     00081431  BTS_initUserVariables          
1     00012180  BTS_measValues_ch1             
1     00012200  BTS_measValues_ch2             
1     00012280  BTS_measValues_ch3             
1     00012300  BTS_measValues_ch4             
0     0000c084  BTS_monitor_Iout_Vout          
0     00081429  BTS_setupHrpwmMepScaleFactor   
0     00081428  BTS_setupSfra                  
0     00081427  BTS_setupSfraGui               
1     00012001  BTS_sfoStatus                  
0     0000c044  BTS_updateReference            
1     00012004  BTS_userInput_ch1              
1     00012022  BTS_userInput_ch2              
1     00012040  BTS_userInput_ch3              
1     0001205e  BTS_userInput_ch4              
1     00012000  BUCK_sfoStatus                 
1     00012374  B_Task_Ptr                     
0     00081f04  C$$EXIT                        
0     00081ba5  C0                             
0     00081b3b  C1                             
0     00081b18  C2                             
0     00081b12  C3                             
0     000820e5  CPUTimer_setEmulationMode      
1     00012376  C_Task_Ptr                     
abs   00000000  Cla1ConstLoadSize              
0     00009000  Cla1ConstLoadStart             
0     00009000  Cla1ConstRunStart              
abs   00000000  Cla1ProgLoadSize               
0     00009000  Cla1ProgLoadStart              
0     00009000  Cla1ProgRunStart               
0     00081a16  Device_enableAllPeripherals    
0     00081ada  Device_init                    
0     00081a06  Device_initGPIO                
0     00081ff7  EPWM_setEmulationMode          
0     0000c000  Flash_initModule               
0     00081f77  GPIO_setAnalogMode             
0     00081f98  GPIO_setDirectionMode          
0     00081fb8  GPIO_setInterruptPin           
0     00081dd8  GPIO_setPadConfig              
0     00081e7c  GPIO_setPinConfig              
0     00081f55  GPIO_setQualificationMode      
0     00009052  ISR1                           
0     00009000  ISR2                           
0     00081e17  Interrupt_enable               
0     00081d97  Interrupt_initModule           
0     0008208d  Interrupt_initVectorTable      
1     00012366  MEP_SF                         
1     00012002  MEP_ScaleFactor                
abs   0008611c  RamfuncsLoadEnd                
abs   0000011c  RamfuncsLoadSize               
abs   00086000  RamfuncsLoadStart              
abs   0000c11c  RamfuncsRunEnd                 
abs   0000011c  RamfuncsRunSize                
abs   0000c000  RamfuncsRunStart               
0     00081812  SFO                            
1     00012378  SFO_CAL                        
0     00082000  SPI_clearInterruptStatus       
0     00082075  SPI_enableInterrupt            
0     00081fd8  SPI_setConfig                  
0     0000c03f  SysCtl_delay                   
0     00081d51  SysCtl_getClock                
0     00081c1e  SysCtl_isPLLValid              
0     00081eac  SysCtl_selectOscSource         
0     00081f2d  SysCtl_selectXTAL              
0     00082059  SysCtl_selectXTALSingleEnded   
0     00081cb9  SysCtl_setClock                
0     00080034  __TI_CINIT_Base                
0     0008003c  __TI_CINIT_Limit               
0     00080028  __TI_Handler_Table_Base        
0     0008002e  __TI_Handler_Table_Limit       
1     00000800  __TI_STACK_END                 
abs   00000400  __TI_STACK_SIZE                
0     00081ed9  __TI_auto_init_nobinit_nopinit 
1     000124ca  __TI_cleanup_ptr               
0     00081e4b  __TI_decompress_lzss           
0     000820dd  __TI_decompress_none           
1     000124cc  __TI_dtors_ptr                 
1     000124c8  __TI_enable_exit_profile_output
abs   ffffffff  __TI_pprof_out_hndl            
abs   ffffffff  __TI_prof_data_size            
abs   ffffffff  __TI_prof_data_start           
0     000820bb  __TI_zero_init_nomemset        
n/a   UNDEFED   __c_args__                     
0     00081a03  __error__                      
1     00000400  __stack                        
0     000820c8  _args_main                     
0     000820a4  _c_int00                       
1     000124ce  _lock                          
0     000820dc  _nop                           
0     000820d8  _register_lock                 
0     000820d4  _register_unlock               
0     000820f5  _system_post_cinit             
0     000820f3  _system_pre_init               
1     000124d0  _unlock                        
0     00081f04  abort                          
0     00081000  delay_ms_2                     
1     000124b6  ePWM                           
0     00081f06  exit                           
abs   0009891b  isrcodefuncsLoadEnd            
abs   0000091b  isrcodefuncsLoadSize           
abs   00098000  isrcodefuncsLoadStart          
abs   0000991b  isrcodefuncsRunEnd             
abs   0000091b  isrcodefuncsRunSize            
abs   00009000  isrcodefuncsRunStart           
0     00081bbd  main                           
0     0008203c  memcpy                         
1     0001237d  vTimer0                        
1     00012381  vTimer1                        
1     00012385  vTimer2                        


GLOBAL SYMBOLS: SORTED BY Symbol Address 

page  address   name                           
----  -------   ----                           
0     00009000  Cla1ConstLoadStart             
0     00009000  Cla1ConstRunStart              
0     00009000  Cla1ProgLoadStart              
0     00009000  Cla1ProgRunStart               
0     00009000  ISR2                           
0     00009052  ISR1                           
0     0000c000  Flash_initModule               
0     0000c03f  SysCtl_delay                   
0     0000c044  BTS_updateReference            
0     0000c084  BTS_monitor_Iout_Vout          
0     00080028  __TI_Handler_Table_Base        
0     0008002e  __TI_Handler_Table_Limit       
0     00080034  __TI_CINIT_Base                
0     0008003c  __TI_CINIT_Limit               
0     00081000  delay_ms_2                     
0     00081020  BTS_HAL_setupSyncBuckPwm       
0     000810d5  BTS_HAL_setupSyncBuckPinsGpio  
0     0008113e  BTS_HAL_setupSyncBuckPinsEpwm  
0     00081167  BTS_HAL_setupInterruptTrigger  
0     00081193  BTS_HAL_setupInterrupt         
0     000811ac  BTS_HAL_setupExAdcGpio         
0     000811e1  BTS_HAL_setupExAdc             
0     0008131b  BTS_HAL_setupDevice            
0     00081390  BTS_HAL_enableEpwmCounting     
0     00081398  BTS_HAL_disableEpwmCounting    
0     000813a1  BTS_HAL_SetupSpiPinsGpio       
0     000813d5  BTS_HAL_SetupSpi               
0     00081427  BTS_setupSfraGui               
0     00081428  BTS_setupSfra                  
0     00081429  BTS_setupHrpwmMepScaleFactor   
0     00081431  BTS_initUserVariables          
0     00081632  BTS_initProgramVariables       
0     0008170d  BTS_initController             
0     00081812  SFO                            
0     00081a03  __error__                      
0     00081a06  Device_initGPIO                
0     00081a16  Device_enableAllPeripherals    
0     00081ada  Device_init                    
0     00081b12  C3                             
0     00081b18  C2                             
0     00081b1e  B3                             
0     00081b24  B2                             
0     00081b2a  A3                             
0     00081b35  A2                             
0     00081b3b  C1                             
0     00081b51  B1                             
0     00081b57  A1                             
0     00081b75  A0                             
0     00081b8d  B0                             
0     00081ba5  C0                             
0     00081bbd  main                           
0     00081c1e  SysCtl_isPLLValid              
0     00081cb9  SysCtl_setClock                
0     00081d51  SysCtl_getClock                
0     00081d97  Interrupt_initModule           
0     00081dd8  GPIO_setPadConfig              
0     00081e17  Interrupt_enable               
0     00081e4b  __TI_decompress_lzss           
0     00081e7c  GPIO_setPinConfig              
0     00081eac  SysCtl_selectOscSource         
0     00081ed9  __TI_auto_init_nobinit_nopinit 
0     00081f04  C$$EXIT                        
0     00081f04  abort                          
0     00081f06  exit                           
0     00081f2d  SysCtl_selectXTAL              
0     00081f55  GPIO_setQualificationMode      
0     00081f77  GPIO_setAnalogMode             
0     00081f98  GPIO_setDirectionMode          
0     00081fb8  GPIO_setInterruptPin           
0     00081fd8  SPI_setConfig                  
0     00081ff7  EPWM_setEmulationMode          
0     00082000  SPI_clearInterruptStatus       
0     0008203c  memcpy                         
0     00082059  SysCtl_selectXTALSingleEnded   
0     00082075  SPI_enableInterrupt            
0     0008208d  Interrupt_initVectorTable      
0     000820a4  _c_int00                       
0     000820bb  __TI_zero_init_nomemset        
0     000820c8  _args_main                     
0     000820d4  _register_unlock               
0     000820d8  _register_lock                 
0     000820dc  _nop                           
0     000820dd  __TI_decompress_none           
0     000820e5  CPUTimer_setEmulationMode      
0     000820f3  _system_pre_init               
0     000820f5  _system_post_cinit             
1     00000400  __stack                        
1     00000800  __TI_STACK_END                 
1     00012000  BUCK_sfoStatus                 
1     00012001  BTS_sfoStatus                  
1     00012002  MEP_ScaleFactor                
1     00012004  BTS_userInput_ch1              
1     00012022  BTS_userInput_ch2              
1     00012040  BTS_userInput_ch3              
1     0001205e  BTS_userInput_ch4              
1     00012080  BTS_ctrlLoopVariable_ch1       
1     000120c0  BTS_ctrlLoopVariable_ch2       
1     00012100  BTS_ctrlLoopVariable_ch3       
1     00012140  BTS_ctrlLoopVariable_ch4       
1     00012180  BTS_measValues_ch1             
1     00012200  BTS_measValues_ch2             
1     00012280  BTS_measValues_ch3             
1     00012300  BTS_measValues_ch4             
1     00012352  BTS_ExAdcRxflag                
1     00012354  BTS_ADC1                       
1     00012366  MEP_SF                         
1     00012370  Alpha_State_Ptr                
1     00012372  A_Task_Ptr                     
1     00012374  B_Task_Ptr                     
1     00012376  C_Task_Ptr                     
1     00012378  SFO_CAL                        
1     0001237d  vTimer0                        
1     00012381  vTimer1                        
1     00012385  vTimer2                        
1     000123c0  BTS_ctrl_cc_ch1                
1     000123d2  BTS_ctrl_cc_ch2                
1     000123e4  BTS_ctrl_cc_ch3                
1     00012400  BTS_ctrl_cc_ch4                
1     00012412  BTS_ctrl_cv_ch1                
1     00012424  BTS_ctrl_cv_ch2                
1     00012440  BTS_ctrl_cv_ch3                
1     00012452  BTS_ctrl_cv_ch4                
1     00012464  BTS_ctrl_ch1                   
1     00012480  BTS_ctrl_ch2                   
1     00012492  BTS_ctrl_ch3                   
1     000124a4  BTS_ctrl_ch4                   
1     000124b6  ePWM                           
1     000124c8  __TI_enable_exit_profile_output
1     000124ca  __TI_cleanup_ptr               
1     000124cc  __TI_dtors_ptr                 
1     000124ce  _lock                          
1     000124d0  _unlock                        
abs   00000000  Cla1ConstLoadSize              
abs   00000000  Cla1ProgLoadSize               
abs   0000011c  RamfuncsLoadSize               
abs   0000011c  RamfuncsRunSize                
abs   00000400  __TI_STACK_SIZE                
abs   0000091b  isrcodefuncsLoadSize           
abs   0000091b  isrcodefuncsRunSize            
abs   00009000  isrcodefuncsRunStart           
abs   0000991b  isrcodefuncsRunEnd             
abs   0000c000  RamfuncsRunStart               
abs   0000c11c  RamfuncsRunEnd                 
abs   00086000  RamfuncsLoadStart              
abs   0008611c  RamfuncsLoadEnd                
abs   00098000  isrcodefuncsLoadStart          
abs   0009891b  isrcodefuncsLoadEnd            
abs   ffffffff  __TI_pprof_out_hndl            
abs   ffffffff  __TI_prof_data_size            
abs   ffffffff  __TI_prof_data_start           
n/a   UNDEFED   __c_args__                     

[151 symbols]
